../LIS331DLH-PID/lis331dlh_reg.c:49:16:lis331dlh_read_reg	40	static
../LIS331DLH-PID/lis331dlh_reg.c:70:16:lis331dlh_write_reg	40	static
../LIS331DLH-PID/lis331dlh_reg.c:93:9:lis331dlh_from_fs2_to_mg	16	static
../LIS331DLH-PID/lis331dlh_reg.c:98:9:lis331dlh_from_fs4_to_mg	16	static
../LIS331DLH-PID/lis331dlh_reg.c:103:9:lis331dlh_from_fs8_to_mg	16	static
../LIS331DLH-PID/lis331dlh_reg.c:129:9:lis331dlh_axis_x_data_set	24	static
../LIS331DLH-PID/lis331dlh_reg.c:155:9:lis331dlh_axis_x_data_get	24	static
../LIS331DLH-PID/lis331dlh_reg.c:175:9:lis331dlh_axis_y_data_set	24	static
../LIS331DLH-PID/lis331dlh_reg.c:201:9:lis331dlh_axis_y_data_get	24	static
../LIS331DLH-PID/lis331dlh_reg.c:221:9:lis331dlh_axis_z_data_set	24	static
../LIS331DLH-PID/lis331dlh_reg.c:247:9:lis331dlh_axis_z_data_get	24	static
../LIS331DLH-PID/lis331dlh_reg.c:267:9:lis331dlh_data_rate_set	24	static
../LIS331DLH-PID/lis331dlh_reg.c:294:9:lis331dlh_data_rate_get	24	static
../LIS331DLH-PID/lis331dlh_reg.c:361:9:lis331dlh_reference_mode_set	24	static
../LIS331DLH-PID/lis331dlh_reg.c:388:9:lis331dlh_reference_mode_get	24	static
../LIS331DLH-PID/lis331dlh_reg.c:423:9:lis331dlh_full_scale_set	24	static
../LIS331DLH-PID/lis331dlh_reg.c:450:9:lis331dlh_full_scale_get	24	static
../LIS331DLH-PID/lis331dlh_reg.c:489:9:lis331dlh_block_data_update_set	24	static
../LIS331DLH-PID/lis331dlh_reg.c:516:9:lis331dlh_block_data_update_get	24	static
../LIS331DLH-PID/lis331dlh_reg.c:537:9:lis331dlh_status_reg_get	24	static
../LIS331DLH-PID/lis331dlh_reg.c:555:9:lis331dlh_flag_data_ready_get	24	static
../LIS331DLH-PID/lis331dlh_reg.c:588:9:lis331dlh_acceleration_raw_get	32	static
../LIS331DLH-PID/lis331dlh_reg.c:625:9:lis331dlh_device_id_get	24	static
../LIS331DLH-PID/lis331dlh_reg.c:642:9:lis331dlh_boot_set	24	static
../LIS331DLH-PID/lis331dlh_reg.c:668:9:lis331dlh_boot_get	24	static
../LIS331DLH-PID/lis331dlh_reg.c:688:9:lis331dlh_self_test_set	24	static
../LIS331DLH-PID/lis331dlh_reg.c:714:9:lis331dlh_self_test_get	24	static
../LIS331DLH-PID/lis331dlh_reg.c:753:9:lis331dlh_data_format_set	24	static
../LIS331DLH-PID/lis331dlh_reg.c:780:9:lis331dlh_data_format_get	24	static
../LIS331DLH-PID/lis331dlh_reg.c:828:9:lis331dlh_hp_bandwidth_set	24	static
../LIS331DLH-PID/lis331dlh_reg.c:855:9:lis331dlh_hp_bandwidth_get	24	static
../LIS331DLH-PID/lis331dlh_reg.c:898:9:lis331dlh_hp_path_set	24	static
../LIS331DLH-PID/lis331dlh_reg.c:925:9:lis331dlh_hp_path_get	24	static
../LIS331DLH-PID/lis331dlh_reg.c:988:9:lis331dlh_hp_reset_get	24	static
../LIS331DLH-PID/lis331dlh_reg.c:1007:9:lis331dlh_hp_reference_value_set	24	static
../LIS331DLH-PID/lis331dlh_reg.c:1025:9:lis331dlh_hp_reference_value_get	24	static
../LIS331DLH-PID/lis331dlh_reg.c:1056:9:lis331dlh_spi_mode_set	24	static
../LIS331DLH-PID/lis331dlh_reg.c:1082:9:lis331dlh_spi_mode_get	24	static
../LIS331DLH-PID/lis331dlh_reg.c:1130:9:lis331dlh_pin_int1_route_set	24	static
../LIS331DLH-PID/lis331dlh_reg.c:1157:9:lis331dlh_pin_int1_route_get	24	static
../LIS331DLH-PID/lis331dlh_reg.c:1201:9:lis331dlh_int1_notification_set	24	static
../LIS331DLH-PID/lis331dlh_reg.c:1229:9:lis331dlh_int1_notification_get	24	static
../LIS331DLH-PID/lis331dlh_reg.c:1264:9:lis331dlh_pin_int2_route_set	24	static
../LIS331DLH-PID/lis331dlh_reg.c:1291:9:lis331dlh_pin_int2_route_get	24	static
../LIS331DLH-PID/lis331dlh_reg.c:1335:9:lis331dlh_int2_notification_set	24	static
../LIS331DLH-PID/lis331dlh_reg.c:1363:9:lis331dlh_int2_notification_get	24	static
../LIS331DLH-PID/lis331dlh_reg.c:1398:9:lis331dlh_pin_mode_set	24	static
../LIS331DLH-PID/lis331dlh_reg.c:1425:9:lis331dlh_pin_mode_get	24	static
../LIS331DLH-PID/lis331dlh_reg.c:1460:9:lis331dlh_pin_polarity_set	24	static
../LIS331DLH-PID/lis331dlh_reg.c:1487:9:lis331dlh_pin_polarity_get	24	static
../LIS331DLH-PID/lis331dlh_reg.c:1535:9:lis331dlh_int1_on_threshold_conf_set	24	static
../LIS331DLH-PID/lis331dlh_reg.c:1567:9:lis331dlh_int1_on_threshold_conf_get	24	static
../LIS331DLH-PID/lis331dlh_reg.c:1593:9:lis331dlh_int1_on_threshold_mode_set	24	static
../LIS331DLH-PID/lis331dlh_reg.c:1620:9:lis331dlh_int1_on_threshold_mode_get	24	static
../LIS331DLH-PID/lis331dlh_reg.c:1655:9:lis331dlh_int1_src_get	24	static
../LIS331DLH-PID/lis331dlh_reg.c:1673:9:lis331dlh_int1_treshold_set	24	static
../LIS331DLH-PID/lis331dlh_reg.c:1699:9:lis331dlh_int1_treshold_get	24	static
../LIS331DLH-PID/lis331dlh_reg.c:1719:9:lis331dlh_int1_dur_set	24	static
../LIS331DLH-PID/lis331dlh_reg.c:1745:9:lis331dlh_int1_dur_get	24	static
../LIS331DLH-PID/lis331dlh_reg.c:1765:9:lis331dlh_int2_on_threshold_conf_set	24	static
../LIS331DLH-PID/lis331dlh_reg.c:1797:9:lis331dlh_int2_on_threshold_conf_get	24	static
../LIS331DLH-PID/lis331dlh_reg.c:1823:9:lis331dlh_int2_on_threshold_mode_set	24	static
../LIS331DLH-PID/lis331dlh_reg.c:1850:9:lis331dlh_int2_on_threshold_mode_get	24	static
../LIS331DLH-PID/lis331dlh_reg.c:1885:9:lis331dlh_int2_src_get	24	static
../LIS331DLH-PID/lis331dlh_reg.c:1903:9:lis331dlh_int2_treshold_set	24	static
../LIS331DLH-PID/lis331dlh_reg.c:1929:9:lis331dlh_int2_treshold_get	24	static
../LIS331DLH-PID/lis331dlh_reg.c:1949:9:lis331dlh_int2_dur_set	24	static
../LIS331DLH-PID/lis331dlh_reg.c:1975:9:lis331dlh_int2_dur_get	24	static
../LIS331DLH-PID/lis331dlh_reg.c:2008:9:lis331dlh_wkup_to_sleep_set	24	static
../LIS331DLH-PID/lis331dlh_reg.c:2034:9:lis331dlh_wkup_to_sleep_get	24	static
../LIS331DLH-PID/lis331dlh_reg.c:2067:9:lis331dlh_int1_6d_mode_set	24	static
../LIS331DLH-PID/lis331dlh_reg.c:2095:9:lis331dlh_int1_6d_mode_get	24	static
../LIS331DLH-PID/lis331dlh_reg.c:2134:9:lis331dlh_int1_6d_src_get	24	static
../LIS331DLH-PID/lis331dlh_reg.c:2152:9:lis331dlh_int1_6d_treshold_set	24	static
../LIS331DLH-PID/lis331dlh_reg.c:2178:9:lis331dlh_int1_6d_treshold_get	24	static
../LIS331DLH-PID/lis331dlh_reg.c:2199:9:lis331dlh_int2_6d_mode_set	24	static
../LIS331DLH-PID/lis331dlh_reg.c:2227:9:lis331dlh_int2_6d_mode_get	24	static
../LIS331DLH-PID/lis331dlh_reg.c:2266:9:lis331dlh_int2_6d_src_get	24	static
../LIS331DLH-PID/lis331dlh_reg.c:2284:9:lis331dlh_int2_6d_treshold_set	24	static
../LIS331DLH-PID/lis331dlh_reg.c:2310:9:lis331dlh_int2_6d_treshold_get	24	static
