/home/plantator/STM32CubeIDE/workspace_1.12.1/madgwick_test/Fusion/Fusion/FusionMath.h:136:21:FusionRadiansToDegrees	16	static
/home/plantator/STM32CubeIDE/workspace_1.12.1/madgwick_test/Fusion/Fusion/FusionMath.h:148:21:FusionAsin	16	static
/home/plantator/STM32CubeIDE/workspace_1.12.1/madgwick_test/Fusion/Fusion/FusionMath.h:456:27:FusionQuaternionToEuler	72	static
../Core/Src/main.c:75:1:__io_putchar	16	static
../Core/Src/main.c:93:5:main	112	static
../Core/Src/main.c:172:6:SystemClock_Config	88	static
../Core/Src/main.c:214:13:MX_I2C1_Init	8	static
../Core/Src/main.c:248:13:MX_USART2_UART_Init	8	static
../Core/Src/main.c:281:13:MX_GPIO_Init	48	static
../Core/Src/main.c:321:13:tx_com	16	static
../Core/Src/main.c:331:6:Error_Handler	8	static,ignoring_inline_asm
